PS C:\Users\ASUS> git --version
git version 2.47.1.windows.1
PS C:\Users\ASUS> git config --global user.name "raven2678"  
PS C:\Users\ASUS> git config --global user.email "vaibhavmohane226@gmail.com"
PS C:\Users\ASUS> cd desktop
PS C:\Users\ASUS\desktop> mkdir gitdemo


    Directory: C:\Users\ASUS\desktop


Mode                 LastWriteTime         Length Name
----                 -------------         ------ ----
d-----        04-01-2025     20:44                gitdemo


PS C:\Users\ASUS\desktop> cd gitdemo
PS C:\Users\ASUS\desktop\gitdemo> git init
Initialized empty Git repository in C:/Users/ASUS/Desktop/gitdemo/.git/
PS C:\Users\ASUS\desktop\gitdemo> git status
On branch master

No commits yet

nothing to commit (create/copy files and use "git add" to track)
PS C:\Users\ASUS\desktop\gitdemo> ls
PS C:\Users\ASUS\desktop\gitdemo> ls 


    Directory: C:\Users\ASUS\desktop\gitdemo


Mode                 LastWriteTime         Length Name
----                 -------------         ------ ----
-a----        04-01-2025     20:47            173 index.html


PS C:\Users\ASUS\desktop\gitdemo> git status
On branch master

No commits yet

Untracked files:
  (use "git add <file>..." to include in what will be committed)
        index.html

nothing added to commit but untracked files present (use "git add" to track)
PS C:\Users\ASUS\desktop\gitdemo> git add index.html
PS C:\Users\ASUS\desktop\gitdemo> git status        
On branch master

No commits yet

Changes to be committed:
  (use "git rm --cached <file>..." to unstage)
        new file:   index.html

PS C:\Users\ASUS\desktop\gitdemo> git status
On branch master

No commits yet

Changes to be committed:
  (use "git rm --cached <file>..." to unstage)
        new file:   index.html

Untracked files:
  (use "git add <file>..." to include in what will be committed)
        README.md
        style.css

PS C:\Users\ASUS\desktop\gitdemo> git status
On branch master

No commits yet

Changes to be committed:
  (use "git rm --cached <file>..." to unstage)
        new file:   index.html

Changes not staged for commit:
  (use "git add <file>..." to update what will be committed)
  (use "git restore <file>..." to discard changes in working directory)
        modified:   index.html

Untracked files:
  (use "git add <file>..." to include in what will be committed)
        README.md
        style.css

PS C:\Users\ASUS\desktop\gitdemo> git add --all
PS C:\Users\ASUS\desktop\gitdemo> git status   
On branch master

No commits yet

Changes to be committed:
  (use "git rm --cached <file>..." to unstage)
        new file:   README.md
        new file:   index.html
        new file:   style.css

PS C:\Users\ASUS\desktop\gitdemo> git commit -m "version v1.0"
[master (root-commit) f9163f4] version v1.0
 3 files changed, 26 insertions(+)
 create mode 100644 README.md
 create mode 100644 index.html
 create mode 100644 style.css
PS C:\Users\ASUS\desktop\gitdemo> git status
On branch master
nothing to commit, working tree clean
PS C:\Users\ASUS\desktop\gitdemo> git log
commit f9163f42c70fdd07d3d50242fb9138655e6ad396 (HEAD -> master)
Author: raven2678 <vaibhavmohane226@gmail.com>
Date:   Sat Jan 4 20:55:21 2025 +0530

    version v1.0
PS C:\Users\ASUS\desktop\gitdemo> git status
On branch master
Changes not staged for commit:
  (use "git add <file>..." to update what will be committed)
  (use "git restore <file>..." to discard changes in working directory)
        modified:   index.html

no changes added to commit (use "git add" and/or "git commit -a")
PS C:\Users\ASUS\desktop\gitdemo> git status --short
 M index.html
PS C:\Users\ASUS\desktop\gitdemo> git commit -a -m "New Line Added"
[master adac7c1] New Line Added
 1 file changed, 1 insertion(+)
PS C:\Users\ASUS\desktop\gitdemo> git status --short
PS C:\Users\ASUS\desktop\gitdemo> git status
On branch master
nothing to commit, working tree clean
PS C:\Users\ASUS\desktop\gitdemo> git branch
* master
PS C:\Users\ASUS\desktop\gitdemo> git remote add origin https://github.com/raven2678/gitdemo.git
PS C:\Users\ASUS\desktop\gitdemo> git push --set-upstream origin master
Enumerating objects: 8, done.
Counting objects: 100% (8/8), done.
Delta compression using up to 12 threads
Compressing objects: 100% (8/8), done.
Writing objects: 100% (8/8), 975 bytes | 975.00 KiB/s, done.
Total 8 (delta 1), reused 0 (delta 0), pack-reused 0 (from 0)
remote: Resolving deltas: 100% (1/1), done.
To https://github.com/raven2678/gitdemo.git
 * [new branch]      master -> master
branch 'master' set up to track 'origin/master'.
PS C:\Users\ASUS\desktop\gitdemo> git status
On branch master
Your branch is up to date with 'origin/master'.

nothing to commit, working tree clean
PS C:\Users\ASUS\desktop\gitdemo> 